[01:01:15] [ServerMain/INFO]: Environment: Environment[sessionHost=https://sessionserver.mojang.com, servicesHost=https://api.minecraftservices.com, profilesHost=https://api.mojang.com, name=PROD]
[01:01:17] [Worker-Main-1/INFO]: No existing world data, creating new world
[01:01:19] [ServerMain/INFO]: Loaded 1515 recipes
[01:01:19] [ServerMain/INFO]: Loaded 1617 advancements
[01:01:19] [Server thread/INFO]: Starting minecraft server version 26.1.2
[01:01:19] [Server thread/INFO]: Loading properties
[01:01:19] [Server thread/INFO]: Default game type: SURVIVAL
[01:01:19] [Server thread/INFO]: Generating keypair
[01:01:19] [Server thread/INFO]: Starting Minecraft server on *:25565
[01:01:19] [Server thread/WARN]: **** SERVER IS RUNNING IN OFFLINE/INSECURE MODE!
[01:01:19] [Server thread/WARN]: The server will make no attempt to authenticate usernames. Beware.
[01:01:19] [Server thread/WARN]: While this makes the game possible to play without internet access, it also opens up the ability for hackers to connect with any username they choose.
[01:01:19] [Server thread/WARN]: To change this, set "online-mode" to "true" in the server.properties file.
[01:01:19] [Server thread/INFO]: Preparing level "world"
[01:01:20] [Server thread/INFO]: Selecting global world spawn...
[01:01:35] [Server thread/INFO]: Loading 0 persistent chunks...
[01:01:35] [Server thread/INFO]: Preparing spawn area: 100%
[01:01:35] [Server thread/INFO]: Time elapsed: 15429 ms
[01:01:35] [Server thread/INFO]: Done (15.878s)! For help, type "help"
[01:01:35] [Server thread/INFO]: Saving chunks for level 'ServerLevel[world]'/minecraft:overworld
[01:01:35] [Server thread/INFO]: Saving chunks for level 'ServerLevel[world]'/minecraft:the_end
[01:01:35] [Server thread/INFO]: Saving chunks for level 'ServerLevel[world]'/minecraft:the_nether
[01:01:36] [Server thread/INFO]: ThreadedAnvilChunkStorage (world): All chunks are saved
[01:01:36] [Server thread/INFO]: ThreadedAnvilChunkStorage (DIM1): All chunks are saved
[01:01:36] [Server thread/INFO]: ThreadedAnvilChunkStorage (DIM-1): All chunks are saved
[01:01:36] [Server thread/INFO]: ThreadedAnvilChunkStorage: All dimensions are saved
[01:02:35] [Server thread/INFO]: Server empty for 60 seconds, pausing
